13:34:00 **** Incremental Build of configuration Debug for project 3_ADC_Module ****
make -j8 all 
arm-none-eabi-gcc "../Src/adc.c" -mcpu=cortex-m4 -std=gnu11 -g3 -DDEBUG -DSTM32L4 -DSTM32 -DNUCLEO_L476RG -DSTM32L476RGTx -DSTM32L476xx -c -I../Inc -I"F:/engineering/codespace/bare_metal/Bare_Metal_L476/1_GPIO/chip_headers/CMSIS/Device/ST/STM32L4xx/Include" -I"F:/engineering/codespace/bare_metal/Bare_Metal_L476/1_GPIO/chip_headers/CMSIS/Include" -O0 -ffunction-sections -fdata-sections -Wall -fstack-usage -MMD -MP -MF"Src/adc.d" -MT"Src/adc.o" --specs=nano.specs -mfpu=fpv4-sp-d16 -mfloat-abi=hard -mthumb -o "Src/adc.o"
arm-none-eabi-gcc -o "3_ADC_Module.elf" @"objects.list"   -mcpu=cortex-m4 -T"F:\engineering\codespace\bare_metal\Bare_Metal_L476\3_ADC\3_ADC_Module\STM32L476RGTX_FLASH.ld" --specs=nosys.specs -Wl,-Map="3_ADC_Module.map" -Wl,--gc-sections -static --specs=nano.specs -mfpu=fpv4-sp-d16 -mfloat-abi=hard -mthumb -Wl,--start-group -lc -lm -Wl,--end-group
Finished building target: 3_ADC_Module.elf
 
arm-none-eabi-size   3_ADC_Module.elf 
arm-none-eabi-objdump -h -S  3_ADC_Module.elf  > "3_ADC_Module.list"
arm-none-eabi-objcopy  -O binary  3_ADC_Module.elf  "3_ADC_Module.bin"
   text	   data	    bss	    dec	    hex	filename
   5680	    108	   1596	   7384	   1cd8	3_ADC_Module.elf
Finished building: default.size.stdout
 
Finished building: 3_ADC_Module.bin
Finished building: 3_ADC_Module.list
 
 

13:34:01 Build Finished. 0 errors, 0 warnings. (took 1s.200ms)

