23:39:05 **** Incremental Build of configuration Debug for project 3_ADC_Module ****
make -j8 all 
arm-none-eabi-gcc "../Src/adc.c" -mcpu=cortex-m4 -std=gnu11 -g3 -DDEBUG -DSTM32L4 -DSTM32 -DNUCLEO_L476RG -DSTM32L476RGTx -DSTM32L476xx -c -I../Inc -I"F:/engineering/codespace/bare_metal/Bare_Metal_L476/1_GPIO/chip_headers/CMSIS/Device/ST/STM32L4xx/Include" -I"F:/engineering/codespace/bare_metal/Bare_Metal_L476/1_GPIO/chip_headers/CMSIS/Include" -O0 -ffunction-sections -fdata-sections -Wall -fstack-usage -MMD -MP -MF"Src/adc.d" -MT"Src/adc.o" --specs=nano.specs -mfpu=fpv4-sp-d16 -mfloat-abi=hard -mthumb -o "Src/adc.o"
arm-none-eabi-gcc "../Src/main.c" -mcpu=cortex-m4 -std=gnu11 -g3 -DDEBUG -DSTM32L4 -DSTM32 -DNUCLEO_L476RG -DSTM32L476RGTx -DSTM32L476xx -c -I../Inc -I"F:/engineering/codespace/bare_metal/Bare_Metal_L476/1_GPIO/chip_headers/CMSIS/Device/ST/STM32L4xx/Include" -I"F:/engineering/codespace/bare_metal/Bare_Metal_L476/1_GPIO/chip_headers/CMSIS/Include" -O0 -ffunction-sections -fdata-sections -Wall -fstack-usage -MMD -MP -MF"Src/main.d" -MT"Src/main.o" --specs=nano.specs -mfpu=fpv4-sp-d16 -mfloat-abi=hard -mthumb -o "Src/main.o"
../Src/main.c: In function 'main':
../Src/main.c:24:31: warning: format '%d' expects argument of type 'int', but argument 2 has type 'uint32_t' {aka 'long unsigned int'} [-Wformat=]
   24 |       printf("Sensor Value : %d \n\r", sensor_value);
      |                              ~^        ~~~~~~~~~~~~
      |                               |        |
      |                               int      uint32_t {aka long unsigned int}
      |                              %ld
arm-none-eabi-gcc -o "3_ADC_Module.elf" @"objects.list"   -mcpu=cortex-m4 -T"F:\engineering\codespace\bare_metal\Bare_Metal_L476\3_ADC\3_ADC_Module\STM32L476RGTX_FLASH.ld" --specs=nosys.specs -Wl,-Map="3_ADC_Module.map" -Wl,--gc-sections -static --specs=nano.specs -mfpu=fpv4-sp-d16 -mfloat-abi=hard -mthumb -Wl,--start-group -lc -lm -Wl,--end-group
Finished building target: 3_ADC_Module.elf
 
arm-none-eabi-size   3_ADC_Module.elf 
arm-none-eabi-objdump -h -S  3_ADC_Module.elf  > "3_ADC_Module.list"
arm-none-eabi-objcopy  -O binary  3_ADC_Module.elf  "3_ADC_Module.bin"
   text	   data	    bss	    dec	    hex	filename
   5628	    108	   1596	   7332	   1ca4	3_ADC_Module.elf
Finished building: default.size.stdout
 
Finished building: 3_ADC_Module.bin
Finished building: 3_ADC_Module.list
 
 
23:40:02 **** Incremental Build of configuration Debug for project 3_ADC_Module ****
make -j8 all 
arm-none-eabi-gcc "../Src/main.c" -mcpu=cortex-m4 -std=gnu11 -g3 -DDEBUG -DSTM32L4 -DSTM32 -DNUCLEO_L476RG -DSTM32L476RGTx -DSTM32L476xx -c -I../Inc -I"F:/engineering/codespace/bare_metal/Bare_Metal_L476/1_GPIO/chip_headers/CMSIS/Device/ST/STM32L4xx/Include" -I"F:/engineering/codespace/bare_metal/Bare_Metal_L476/1_GPIO/chip_headers/CMSIS/Include" -O0 -ffunction-sections -fdata-sections -Wall -fstack-usage -MMD -MP -MF"Src/main.d" -MT"Src/main.o" --specs=nano.specs -mfpu=fpv4-sp-d16 -mfloat-abi=hard -mthumb -o "Src/main.o"
arm-none-eabi-gcc -o "3_ADC_Module.elf" @"objects.list"   -mcpu=cortex-m4 -T"F:\engineering\codespace\bare_metal\Bare_Metal_L476\3_ADC\3_ADC_Module\STM32L476RGTX_FLASH.ld" --specs=nosys.specs -Wl,-Map="3_ADC_Module.map" -Wl,--gc-sections -static --specs=nano.specs -mfpu=fpv4-sp-d16 -mfloat-abi=hard -mthumb -Wl,--start-group -lc -lm -Wl,--end-group
Finished building target: 3_ADC_Module.elf
 
arm-none-eabi-size   3_ADC_Module.elf 
arm-none-eabi-objdump -h -S  3_ADC_Module.elf  > "3_ADC_Module.list"
arm-none-eabi-objcopy  -O binary  3_ADC_Module.elf  "3_ADC_Module.bin"
   text	   data	    bss	    dec	    hex	filename
   5628	    108	   1596	   7332	   1ca4	3_ADC_Module.elf
Finished building: default.size.stdout
 
Finished building: 3_ADC_Module.bin
Finished building: 3_ADC_Module.list
 
 
23:41:56 **** Incremental Build of configuration Debug for project 3_ADC_Module ****
make -j8 all 
arm-none-eabi-size   3_ADC_Module.elf 
   text	   data	    bss	    dec	    hex	filename
   5628	    108	   1596	   7332	   1ca4	3_ADC_Module.elf
Finished building: default.size.stdout
 
23:43:14 **** Incremental Build of configuration Debug for project 3_ADC_Module ****
make -j8 all 
arm-none-eabi-size   3_ADC_Module.elf 
   text	   data	    bss	    dec	    hex	filename
   5628	    108	   1596	   7332	   1ca4	3_ADC_Module.elf
Finished building: default.size.stdout
 
23:44:01 **** Incremental Build of configuration Debug for project 3_ADC_Module ****
make -j8 all 
arm-none-eabi-gcc "../Src/main.c" -mcpu=cortex-m4 -std=gnu11 -g3 -DDEBUG -DSTM32L4 -DSTM32 -DNUCLEO_L476RG -DSTM32L476RGTx -DSTM32L476xx -c -I../Inc -I"F:/engineering/codespace/bare_metal/Bare_Metal_L476/1_GPIO/chip_headers/CMSIS/Device/ST/STM32L4xx/Include" -I"F:/engineering/codespace/bare_metal/Bare_Metal_L476/1_GPIO/chip_headers/CMSIS/Include" -O0 -ffunction-sections -fdata-sections -Wall -fstack-usage -MMD -MP -MF"Src/main.d" -MT"Src/main.o" --specs=nano.specs -mfpu=fpv4-sp-d16 -mfloat-abi=hard -mthumb -o "Src/main.o"
arm-none-eabi-gcc -o "3_ADC_Module.elf" @"objects.list"   -mcpu=cortex-m4 -T"F:\engineering\codespace\bare_metal\Bare_Metal_L476\3_ADC\3_ADC_Module\STM32L476RGTX_FLASH.ld" --specs=nosys.specs -Wl,-Map="3_ADC_Module.map" -Wl,--gc-sections -static --specs=nano.specs -mfpu=fpv4-sp-d16 -mfloat-abi=hard -mthumb -Wl,--start-group -lc -lm -Wl,--end-group
Finished building target: 3_ADC_Module.elf
 
arm-none-eabi-size   3_ADC_Module.elf 
arm-none-eabi-objdump -h -S  3_ADC_Module.elf  > "3_ADC_Module.list"
arm-none-eabi-objcopy  -O binary  3_ADC_Module.elf  "3_ADC_Module.bin"
   text	   data	    bss	    dec	    hex	filename
   5628	    108	   1596	   7332	   1ca4	3_ADC_Module.elf
Finished building: default.size.stdout
 
Finished building: 3_ADC_Module.list
Finished building: 3_ADC_Module.bin
 
 
23:51:14 **** Incremental Build of configuration Debug for project 3_ADC_Module ****
make -j8 all 
arm-none-eabi-gcc "../Src/adc.c" -mcpu=cortex-m4 -std=gnu11 -g3 -DDEBUG -DSTM32L4 -DSTM32 -DNUCLEO_L476RG -DSTM32L476RGTx -DSTM32L476xx -c -I../Inc -I"F:/engineering/codespace/bare_metal/Bare_Metal_L476/1_GPIO/chip_headers/CMSIS/Device/ST/STM32L4xx/Include" -I"F:/engineering/codespace/bare_metal/Bare_Metal_L476/1_GPIO/chip_headers/CMSIS/Include" -O0 -ffunction-sections -fdata-sections -Wall -fstack-usage -MMD -MP -MF"Src/adc.d" -MT"Src/adc.o" --specs=nano.specs -mfpu=fpv4-sp-d16 -mfloat-abi=hard -mthumb -o "Src/adc.o"
arm-none-eabi-gcc -o "3_ADC_Module.elf" @"objects.list"   -mcpu=cortex-m4 -T"F:\engineering\codespace\bare_metal\Bare_Metal_L476\3_ADC\3_ADC_Module\STM32L476RGTX_FLASH.ld" --specs=nosys.specs -Wl,-Map="3_ADC_Module.map" -Wl,--gc-sections -static --specs=nano.specs -mfpu=fpv4-sp-d16 -mfloat-abi=hard -mthumb -Wl,--start-group -lc -lm -Wl,--end-group
Finished building target: 3_ADC_Module.elf
 
arm-none-eabi-size   3_ADC_Module.elf 
arm-none-eabi-objdump -h -S  3_ADC_Module.elf  > "3_ADC_Module.list"
arm-none-eabi-objcopy  -O binary  3_ADC_Module.elf  "3_ADC_Module.bin"
   text	   data	    bss	    dec	    hex	filename
   5620	    108	   1596	   7324	   1c9c	3_ADC_Module.elf
Finished building: default.size.stdout
Finished building: 3_ADC_Module.bin
 
Finished building: 3_ADC_Module.list
 
 
23:52:50 **** Incremental Build of configuration Debug for project 3_ADC_Module ****
make -j8 all 
arm-none-eabi-size   3_ADC_Module.elf 
   text	   data	    bss	    dec	    hex	filename
   5620	    108	   1596	   7324	   1c9c	3_ADC_Module.elf
Finished building: default.size.stdout
 
23:55:26 **** Incremental Build of configuration Debug for project 3_ADC_Module ****
make -j8 all 
arm-none-eabi-gcc "../Src/adc.c" -mcpu=cortex-m4 -std=gnu11 -g3 -DDEBUG -DSTM32L4 -DSTM32 -DNUCLEO_L476RG -DSTM32L476RGTx -DSTM32L476xx -c -I../Inc -I"F:/engineering/codespace/bare_metal/Bare_Metal_L476/1_GPIO/chip_headers/CMSIS/Device/ST/STM32L4xx/Include" -I"F:/engineering/codespace/bare_metal/Bare_Metal_L476/1_GPIO/chip_headers/CMSIS/Include" -O0 -ffunction-sections -fdata-sections -Wall -fstack-usage -MMD -MP -MF"Src/adc.d" -MT"Src/adc.o" --specs=nano.specs -mfpu=fpv4-sp-d16 -mfloat-abi=hard -mthumb -o "Src/adc.o"
arm-none-eabi-gcc -o "3_ADC_Module.elf" @"objects.list"   -mcpu=cortex-m4 -T"F:\engineering\codespace\bare_metal\Bare_Metal_L476\3_ADC\3_ADC_Module\STM32L476RGTX_FLASH.ld" --specs=nosys.specs -Wl,-Map="3_ADC_Module.map" -Wl,--gc-sections -static --specs=nano.specs -mfpu=fpv4-sp-d16 -mfloat-abi=hard -mthumb -Wl,--start-group -lc -lm -Wl,--end-group
Finished building target: 3_ADC_Module.elf
 
arm-none-eabi-size   3_ADC_Module.elf 
arm-none-eabi-objdump -h -S  3_ADC_Module.elf  > "3_ADC_Module.list"
arm-none-eabi-objcopy  -O binary  3_ADC_Module.elf  "3_ADC_Module.bin"
   text	   data	    bss	    dec	    hex	filename
   5620	    108	   1596	   7324	   1c9c	3_ADC_Module.elf
Finished building: default.size.stdout
 
Finished building: 3_ADC_Module.bin
Finished building: 3_ADC_Module.list
 
 
23:55:27 **** Incremental Build of configuration Debug for project 3_ADC_Module ****
make -j8 all 
arm-none-eabi-size   3_ADC_Module.elf 
   text	   data	    bss	    dec	    hex	filename
   5620	    108	   1596	   7324	   1c9c	3_ADC_Module.elf
Finished building: default.size.stdout
 
23:55:39 **** Incremental Build of configuration Debug for project 3_ADC_Module ****
make -j8 all 
arm-none-eabi-size   3_ADC_Module.elf 
   text	   data	    bss	    dec	    hex	filename
   5620	    108	   1596	   7324	   1c9c	3_ADC_Module.elf
Finished building: default.size.stdout
 
00:06:23 **** Incremental Build of configuration Debug for project 3_ADC_Module ****
make -j8 all 
arm-none-eabi-gcc "../Src/adc.c" -mcpu=cortex-m4 -std=gnu11 -g3 -DDEBUG -DSTM32L4 -DSTM32 -DNUCLEO_L476RG -DSTM32L476RGTx -DSTM32L476xx -c -I../Inc -I"F:/engineering/codespace/bare_metal/Bare_Metal_L476/1_GPIO/chip_headers/CMSIS/Device/ST/STM32L4xx/Include" -I"F:/engineering/codespace/bare_metal/Bare_Metal_L476/1_GPIO/chip_headers/CMSIS/Include" -O0 -ffunction-sections -fdata-sections -Wall -fstack-usage -MMD -MP -MF"Src/adc.d" -MT"Src/adc.o" --specs=nano.specs -mfpu=fpv4-sp-d16 -mfloat-abi=hard -mthumb -o "Src/adc.o"
arm-none-eabi-gcc -o "3_ADC_Module.elf" @"objects.list"   -mcpu=cortex-m4 -T"F:\engineering\codespace\bare_metal\Bare_Metal_L476\3_ADC\3_ADC_Module\STM32L476RGTX_FLASH.ld" --specs=nosys.specs -Wl,-Map="3_ADC_Module.map" -Wl,--gc-sections -static --specs=nano.specs -mfpu=fpv4-sp-d16 -mfloat-abi=hard -mthumb -Wl,--start-group -lc -lm -Wl,--end-group
Finished building target: 3_ADC_Module.elf
 
arm-none-eabi-size   3_ADC_Module.elf 
arm-none-eabi-objdump -h -S  3_ADC_Module.elf  > "3_ADC_Module.list"
arm-none-eabi-objcopy  -O binary  3_ADC_Module.elf  "3_ADC_Module.bin"
   text	   data	    bss	    dec	    hex	filename
   5624	    108	   1596	   7328	   1ca0	3_ADC_Module.elf
Finished building: default.size.stdout
 
Finished building: 3_ADC_Module.bin
Finished building: 3_ADC_Module.list
 
 
00:08:09 **** Incremental Build of configuration Debug for project 3_ADC_Module ****
make -j8 all 
arm-none-eabi-size   3_ADC_Module.elf 
   text	   data	    bss	    dec	    hex	filename
   5624	    108	   1596	   7328	   1ca0	3_ADC_Module.elf
Finished building: default.size.stdout
 
12:46:54 **** Incremental Build of configuration Debug for project 3_ADC_Module ****
make -j8 all 
arm-none-eabi-gcc "../Src/adc.c" -mcpu=cortex-m4 -std=gnu11 -g3 -DDEBUG -DSTM32L4 -DSTM32 -DNUCLEO_L476RG -DSTM32L476RGTx -DSTM32L476xx -c -I../Inc -I"F:/engineering/codespace/bare_metal/Bare_Metal_L476/1_GPIO/chip_headers/CMSIS/Device/ST/STM32L4xx/Include" -I"F:/engineering/codespace/bare_metal/Bare_Metal_L476/1_GPIO/chip_headers/CMSIS/Include" -O0 -ffunction-sections -fdata-sections -Wall -fstack-usage -MMD -MP -MF"Src/adc.d" -MT"Src/adc.o" --specs=nano.specs -mfpu=fpv4-sp-d16 -mfloat-abi=hard -mthumb -o "Src/adc.o"
arm-none-eabi-gcc -o "3_ADC_Module.elf" @"objects.list"   -mcpu=cortex-m4 -T"F:\engineering\codespace\bare_metal\Bare_Metal_L476\3_ADC\3_ADC_Module\STM32L476RGTX_FLASH.ld" --specs=nosys.specs -Wl,-Map="3_ADC_Module.map" -Wl,--gc-sections -static --specs=nano.specs -mfpu=fpv4-sp-d16 -mfloat-abi=hard -mthumb -Wl,--start-group -lc -lm -Wl,--end-group
Finished building target: 3_ADC_Module.elf
 
arm-none-eabi-size   3_ADC_Module.elf 
arm-none-eabi-objdump -h -S  3_ADC_Module.elf  > "3_ADC_Module.list"
arm-none-eabi-objcopy  -O binary  3_ADC_Module.elf  "3_ADC_Module.bin"
   text	   data	    bss	    dec	    hex	filename
   5624	    108	   1596	   7328	   1ca0	3_ADC_Module.elf
Finished building: default.size.stdout
 
Finished building: 3_ADC_Module.list
 
Finished building: 3_ADC_Module.bin
 
13:07:18 **** Incremental Build of configuration Debug for project 3_ADC_Module ****
make -j8 all 
arm-none-eabi-gcc "../Src/adc.c" -mcpu=cortex-m4 -std=gnu11 -g3 -DDEBUG -DSTM32L4 -DSTM32 -DNUCLEO_L476RG -DSTM32L476RGTx -DSTM32L476xx -c -I../Inc -I"F:/engineering/codespace/bare_metal/Bare_Metal_L476/1_GPIO/chip_headers/CMSIS/Device/ST/STM32L4xx/Include" -I"F:/engineering/codespace/bare_metal/Bare_Metal_L476/1_GPIO/chip_headers/CMSIS/Include" -O0 -ffunction-sections -fdata-sections -Wall -fstack-usage -MMD -MP -MF"Src/adc.d" -MT"Src/adc.o" --specs=nano.specs -mfpu=fpv4-sp-d16 -mfloat-abi=hard -mthumb -o "Src/adc.o"
arm-none-eabi-gcc "../Src/main.c" -mcpu=cortex-m4 -std=gnu11 -g3 -DDEBUG -DSTM32L4 -DSTM32 -DNUCLEO_L476RG -DSTM32L476RGTx -DSTM32L476xx -c -I../Inc -I"F:/engineering/codespace/bare_metal/Bare_Metal_L476/1_GPIO/chip_headers/CMSIS/Device/ST/STM32L4xx/Include" -I"F:/engineering/codespace/bare_metal/Bare_Metal_L476/1_GPIO/chip_headers/CMSIS/Include" -O0 -ffunction-sections -fdata-sections -Wall -fstack-usage -MMD -MP -MF"Src/main.d" -MT"Src/main.o" --specs=nano.specs -mfpu=fpv4-sp-d16 -mfloat-abi=hard -mthumb -o "Src/main.o"
arm-none-eabi-gcc -o "3_ADC_Module.elf" @"objects.list"   -mcpu=cortex-m4 -T"F:\engineering\codespace\bare_metal\Bare_Metal_L476\3_ADC\3_ADC_Module\STM32L476RGTX_FLASH.ld" --specs=nosys.specs -Wl,-Map="3_ADC_Module.map" -Wl,--gc-sections -static --specs=nano.specs -mfpu=fpv4-sp-d16 -mfloat-abi=hard -mthumb -Wl,--start-group -lc -lm -Wl,--end-group
Finished building target: 3_ADC_Module.elf
 
arm-none-eabi-size   3_ADC_Module.elf 
arm-none-eabi-objdump -h -S  3_ADC_Module.elf  > "3_ADC_Module.list"
arm-none-eabi-objcopy  -O binary  3_ADC_Module.elf  "3_ADC_Module.bin"
   text	   data	    bss	    dec	    hex	filename
   5644	    108	   1596	   7348	   1cb4	3_ADC_Module.elf
Finished building: default.size.stdout
 
Finished building: 3_ADC_Module.bin
Finished building: 3_ADC_Module.list
 
 
13:22:38 **** Incremental Build of configuration Debug for project 3_ADC_Module ****
make -j8 all 
arm-none-eabi-gcc "../Src/adc.c" -mcpu=cortex-m4 -std=gnu11 -g3 -DDEBUG -DSTM32L4 -DSTM32 -DNUCLEO_L476RG -DSTM32L476RGTx -DSTM32L476xx -c -I../Inc -I"F:/engineering/codespace/bare_metal/Bare_Metal_L476/1_GPIO/chip_headers/CMSIS/Device/ST/STM32L4xx/Include" -I"F:/engineering/codespace/bare_metal/Bare_Metal_L476/1_GPIO/chip_headers/CMSIS/Include" -O0 -ffunction-sections -fdata-sections -Wall -fstack-usage -MMD -MP -MF"Src/adc.d" -MT"Src/adc.o" --specs=nano.specs -mfpu=fpv4-sp-d16 -mfloat-abi=hard -mthumb -o "Src/adc.o"
arm-none-eabi-gcc -o "3_ADC_Module.elf" @"objects.list"   -mcpu=cortex-m4 -T"F:\engineering\codespace\bare_metal\Bare_Metal_L476\3_ADC\3_ADC_Module\STM32L476RGTX_FLASH.ld" --specs=nosys.specs -Wl,-Map="3_ADC_Module.map" -Wl,--gc-sections -static --specs=nano.specs -mfpu=fpv4-sp-d16 -mfloat-abi=hard -mthumb -Wl,--start-group -lc -lm -Wl,--end-group
Finished building target: 3_ADC_Module.elf
 
arm-none-eabi-size   3_ADC_Module.elf 
arm-none-eabi-objdump -h -S  3_ADC_Module.elf  > "3_ADC_Module.list"
arm-none-eabi-objcopy  -O binary  3_ADC_Module.elf  "3_ADC_Module.bin"
   text	   data	    bss	    dec	    hex	filename
   5648	    108	   1596	   7352	   1cb8	3_ADC_Module.elf
Finished building: default.size.stdout
 
Finished building: 3_ADC_Module.bin
Finished building: 3_ADC_Module.list
 
 
13:23:20 **** Incremental Build of configuration Debug for project 3_ADC_Module ****
make -j8 all 
arm-none-eabi-gcc "../Src/adc.c" -mcpu=cortex-m4 -std=gnu11 -g3 -DDEBUG -DSTM32L4 -DSTM32 -DNUCLEO_L476RG -DSTM32L476RGTx -DSTM32L476xx -c -I../Inc -I"F:/engineering/codespace/bare_metal/Bare_Metal_L476/1_GPIO/chip_headers/CMSIS/Device/ST/STM32L4xx/Include" -I"F:/engineering/codespace/bare_metal/Bare_Metal_L476/1_GPIO/chip_headers/CMSIS/Include" -O0 -ffunction-sections -fdata-sections -Wall -fstack-usage -MMD -MP -MF"Src/adc.d" -MT"Src/adc.o" --specs=nano.specs -mfpu=fpv4-sp-d16 -mfloat-abi=hard -mthumb -o "Src/adc.o"
arm-none-eabi-gcc -o "3_ADC_Module.elf" @"objects.list"   -mcpu=cortex-m4 -T"F:\engineering\codespace\bare_metal\Bare_Metal_L476\3_ADC\3_ADC_Module\STM32L476RGTX_FLASH.ld" --specs=nosys.specs -Wl,-Map="3_ADC_Module.map" -Wl,--gc-sections -static --specs=nano.specs -mfpu=fpv4-sp-d16 -mfloat-abi=hard -mthumb -Wl,--start-group -lc -lm -Wl,--end-group
Finished building target: 3_ADC_Module.elf
 
arm-none-eabi-size   3_ADC_Module.elf 
arm-none-eabi-objdump -h -S  3_ADC_Module.elf  > "3_ADC_Module.list"
arm-none-eabi-objcopy  -O binary  3_ADC_Module.elf  "3_ADC_Module.bin"
   text	   data	    bss	    dec	    hex	filename
   5648	    108	   1596	   7352	   1cb8	3_ADC_Module.elf
Finished building: default.size.stdout
 
Finished building: 3_ADC_Module.bin
Finished building: 3_ADC_Module.list
 
 
13:32:54 **** Incremental Build of configuration Debug for project 3_ADC_Module ****
make -j8 all 
arm-none-eabi-gcc "../Src/adc.c" -mcpu=cortex-m4 -std=gnu11 -g3 -DDEBUG -DSTM32L4 -DSTM32 -DNUCLEO_L476RG -DSTM32L476RGTx -DSTM32L476xx -c -I../Inc -I"F:/engineering/codespace/bare_metal/Bare_Metal_L476/1_GPIO/chip_headers/CMSIS/Device/ST/STM32L4xx/Include" -I"F:/engineering/codespace/bare_metal/Bare_Metal_L476/1_GPIO/chip_headers/CMSIS/Include" -O0 -ffunction-sections -fdata-sections -Wall -fstack-usage -MMD -MP -MF"Src/adc.d" -MT"Src/adc.o" --specs=nano.specs -mfpu=fpv4-sp-d16 -mfloat-abi=hard -mthumb -o "Src/adc.o"
../Src/adc.c: In function 'start_conversion':
../Src/adc.c:51:16: error: expected identifier before ')' token
   51 |  while(!(ADC1->))
      |                ^
make: *** [Src/subdir.mk:31: Src/adc.o] Error 1
"make -j8 all" terminated with exit code 2. Build might be incomplete.
13:34:00 **** Incremental Build of configuration Debug for project 3_ADC_Module ****
make -j8 all 
arm-none-eabi-gcc "../Src/adc.c" -mcpu=cortex-m4 -std=gnu11 -g3 -DDEBUG -DSTM32L4 -DSTM32 -DNUCLEO_L476RG -DSTM32L476RGTx -DSTM32L476xx -c -I../Inc -I"F:/engineering/codespace/bare_metal/Bare_Metal_L476/1_GPIO/chip_headers/CMSIS/Device/ST/STM32L4xx/Include" -I"F:/engineering/codespace/bare_metal/Bare_Metal_L476/1_GPIO/chip_headers/CMSIS/Include" -O0 -ffunction-sections -fdata-sections -Wall -fstack-usage -MMD -MP -MF"Src/adc.d" -MT"Src/adc.o" --specs=nano.specs -mfpu=fpv4-sp-d16 -mfloat-abi=hard -mthumb -o "Src/adc.o"
arm-none-eabi-gcc -o "3_ADC_Module.elf" @"objects.list"   -mcpu=cortex-m4 -T"F:\engineering\codespace\bare_metal\Bare_Metal_L476\3_ADC\3_ADC_Module\STM32L476RGTX_FLASH.ld" --specs=nosys.specs -Wl,-Map="3_ADC_Module.map" -Wl,--gc-sections -static --specs=nano.specs -mfpu=fpv4-sp-d16 -mfloat-abi=hard -mthumb -Wl,--start-group -lc -lm -Wl,--end-group
Finished building target: 3_ADC_Module.elf
 
arm-none-eabi-size   3_ADC_Module.elf 
arm-none-eabi-objdump -h -S  3_ADC_Module.elf  > "3_ADC_Module.list"
arm-none-eabi-objcopy  -O binary  3_ADC_Module.elf  "3_ADC_Module.bin"
   text	   data	    bss	    dec	    hex	filename
   5680	    108	   1596	   7384	   1cd8	3_ADC_Module.elf
Finished building: default.size.stdout
 
Finished building: 3_ADC_Module.bin
Finished building: 3_ADC_Module.list
 
 
